

 **WOFOST version 7.1.7, release September 2013
 RUNNAM -> WOFOST
 OUTPUT -> file: ../output/wofost.out
 RERUNS -> no reruns

 WEATHER-> name: Los Banos, Phillipines
           file: ../meteo/cabowe/phl1.   start year: 1985
 RAIN   -> belonging to weather station
 CROP   -> name: Maize,(Van Heemst, 1988)
           file: ../cropd/maiz.w41
 SOIL   -> name: EC1-coarse
           file: ../soild/ec1.new
 START  -> fixed emergence date IDEM =  1

     start waterbalance = -99     sowing date = -99     emergence date =   1

 POTENTIAL CROP PRODUCTION
 =========================

 YEAR  DAY IDSEM DVS  TSUM   WLV    WST    WSO    TAGP   LAI  TRA   GASS   MRES    DMI

                     degrd kg/ha  kg/ha  kg/ha   kg/ha m2/m2   mm/d CH2O CH2O  kg/ha/d
  1985   1   0  0.00    0.     7.     5.     0.    12.  0.03 0.03    5.8    0.4    3.9
  1985   2   1  0.02   17.     9.     5.     0.    14.  0.03 0.04    7.3    0.4    4.9
  1985   3   2  0.04   32.    11.     7.     0.    17.  0.04 0.04    7.8    0.5    5.2
  1985   4   3  0.07   49.    13.     8.     0.    20.  0.04 0.05   11.2    0.6    7.6
  1985   5   4  0.09   65.    16.    10.     0.    25.  0.05 0.05   10.5    0.7    7.0
  1985   6   5  0.11   81.    18.    11.     0.    30.  0.06 0.06   11.4    0.8    7.6
  1985   7   6  0.13   97.    21.    13.     0.    34.  0.07 0.09   18.4    0.9   12.5
  1985   8   7  0.15  111.    26.    16.     0.    43.  0.09 0.12   26.0    1.1   17.8
  1985   9   8  0.17  126.    34.    21.     0.    54.  0.11 0.14   29.9    1.3   20.3
  1985  10   9  0.19  140.    42.    26.     0.    68.  0.14 0.18   41.3    1.8   28.1
  1985  11  10  0.21  155.    54.    33.     0.    86.  0.18 0.23   50.7    2.3   34.5
  1985  12  11  0.23  171.    68.    42.     0.   110.  0.22 0.29   61.0    3.0   41.3
  1985  13  12  0.25  186.    85.    52.     0.   138.  0.27 0.37   73.7    3.8   49.8
  1985  14  13  0.27  202.   107.    65.     0.   172.  0.34 0.38   66.1    4.3   44.0
  1985  15  14  0.29  216.   126.    77.     0.   203.  0.40 0.41   70.9    5.5   46.6
  1985  16  15  0.31  232.   146.    90.     0.   236.  0.46 0.44   71.8    6.1   46.8
  1985  17  16  0.33  248.   167.   102.     0.   269.  0.52 0.32   52.1    7.3   31.9
  1985  18  17  0.35  264.   181.   111.     0.   292.  0.56 0.60  111.0    9.0   72.5
  1985  19  18  0.38  282.   214.   131.     0.   345.  0.65 0.63   84.1   10.3   52.5
  1985  20  19  0.40  299.   238.   146.     0.   383.  0.72 0.89  147.7   11.3   97.0
  1985  21  20  0.42  316.   283.   173.     0.   456.  0.84 0.96  165.9   12.7  109.0
  1985  22  21  0.44  333.   333.   204.     0.   538.  0.98 0.95  173.0   14.6  112.6
  1985  23  22  0.47  349.   387.   237.     0.   624.  1.12 0.92  148.6   18.1   92.7
  1985  24  23  0.49  367.   431.   264.     0.   695.  1.23 1.48  265.8   20.6  174.2
  1985  25  24  0.51  384.   514.   317.     0.   830.  1.45 1.66  296.0   23.2  193.7
  1985  26  25  0.54  401.   604.   378.     0.   983.  1.68 1.45  273.3   27.1  174.7
  1985  27  26  0.56  418.   684.   437.     0.  1122.  1.87 1.54  278.9   31.9  175.1
  1985  28  27  0.58  436.   762.   500.     0.  1262.  2.06 1.76  294.8   36.1  183.3
  1985  29  28  0.60  453.   843.   568.     0.  1411.  2.26 2.00  334.9   39.2  209.4
  1985  30  29  0.63  471.   932.   651.     0.  1583.  2.47 2.12  345.3   43.4  213.5
  1985  31  30  0.65  488.  1020.   739.     0.  1759.  2.67 2.16  369.0   47.0  227.6
  1985  32  31  0.67  505.  1112.   838.     0.  1950.  2.88 2.13  358.9   54.0  215.3
  1985  33  32  0.70  523.  1196.   935.     0.  2132.  3.07 2.61  453.9   60.8  277.3
  1985  34  33  0.72  541.  1301.  1067.     0.  2368.  3.29 2.91  488.8   65.9  298.1
  1985  35  34  0.75  559.  1411.  1215.     0.  2625.  3.53 3.05  516.1   75.3  310.4
  1985  36  35  0.77  577.  1520.  1375.     0.  2896.  3.76 2.99  498.7   83.2  292.3
  1985  37  36  0.79  596.  1619.  1533.     0.  3153.  3.96 3.20  550.6   93.5  321.3
  1985  38  37  0.82  616.  1724.  1715.     0.  3438.  4.16 3.75  584.1   95.4  343.1
  1985  39  38  0.85  634.  1830.  1917.     0.  3747.  4.37 2.52  427.9   96.5  232.4
  1985  40  39  0.87  652.  1898.  2059.     0.  3958.  4.50 3.56  584.1  105.8  335.1
  1985  41  40  0.89  670.  1992.  2273.     0.  4265.  4.67 3.76  596.6  107.4  342.4
  1985  42  41  0.92  688.  2082.  2499.     0.  4581.  4.84 4.04  607.0  120.1  340.9
  1985  43  42  0.94  706.  2167.  2721.    12.  4900.  4.98 3.60  588.9  126.9  323.8
  1985  44  43  0.97  725.  2242.  2923.    39.  5205.  5.11 3.87  610.9  130.5  337.1
  1985  45  44  0.99  743.  2315.  3125.    86.  5525.  5.23 3.71  591.8  135.4  320.6
  1985  46  45  1.00  761.  2379.  3309.   146.  5833.  5.34 3.67  580.6  154.5  299.5
  1985  47  46  1.02  780.  2437.  3477.   209.  6122.  5.43 3.91  627.5  153.8  333.3
  1985  48  47  1.04  799.  2494.  3656.   295.  6446.  5.52 3.92  615.7  150.2  327.9
  1985  49  48  1.06  816.  2544.  3823.   395.  6767.  5.60 3.75  588.7  168.4  296.3
  1985  50  49  1.09  835.  2584.  3968.   500.  7059.  5.65 3.49  583.1  160.8  298.1
  1985  51  50  1.11  853.  2618.  4105.   620.  7356.  5.70 3.03  492.1  172.3  225.9
  1985  52  51  1.13  871.  2639.  4204.   722.  7582.  5.72 4.08  657.2  177.0  339.7
  1985  53  52  1.15  890.  2666.  4342.   891.  7922.  5.75 4.01  638.5  178.9  325.6
  1985  54  53  1.17  908.  2685.  4464.  1068.  8247.  5.78 3.09  502.7  175.4  232.1
  1985  55  54  1.19  926.  2693.  4545.  1205.  8480.  5.78 3.26  493.5  193.1  213.3
  1985  56  55  1.21  945.  2696.  4613.  1340.  8693.  5.77 3.90  625.6  195.3  306.0
  1985  57  56  1.24  963.  2698.  4702.  1549.  8999.  5.77 2.69  406.7  194.4  151.2
  1985  58  57  1.26  982.  2694.  4741.  1659.  9150.  5.75 4.07  633.1  216.1  297.3
  1985  59  58  1.28 1001.  2687.  4808.  1889.  9447.  5.73 3.97  605.3  205.1  285.9
  1985  60  59  1.30 1020.  2681.  4859.  2124.  9733.  5.71 3.42  533.7  208.4  232.8
  1985  61  60  1.32 1039.  2676.  4891.  2325.  9966.  5.69 4.32  657.3  209.6  321.0
  1985  62  61  1.35 1058.  2670.  4921.  2616. 10287.  5.68 4.36  658.8  208.8  323.3
  1985  63  62  1.37 1076.  2665.  4936.  2924. 10610.  5.66 4.33  649.4  213.0  314.1
  1985  64  63  1.39 1094.  2660.  4938.  3236. 10924.  5.64 4.11  636.4  214.1  304.0
  1985  65  64  1.41 1113.  2656.  4938.  3540. 11229.  5.63 4.37  631.9  214.2  300.7
  1985  66  65  1.43 1131.  2651.  4938.  3841. 11529.  5.62 4.60  647.6  237.0  295.6
  1985  67  66  1.45 1150.  2647.  4938.  4136. 11825.  5.60 3.16  517.0  222.7  211.9
  1985  68  67  1.47 1168.  2643.  4938.  4348. 12037.  5.59 3.15  505.4  217.2  207.5
  1985  69  68  1.49 1186.  2639.  4938.  4556. 12244.  5.58 2.95  455.5  218.5  170.7
  1985  70  69  1.52 1203.  2635.  4938.  4726. 12415.  5.57 3.00  468.9  217.1  181.3
  1985  71  70  1.54 1221.  2632.  4840.  4908. 12596.  5.56 3.99  616.0  224.8  281.7
  1985  72  71  1.56 1239.  2628.  4743.  5189. 12878.  5.55 3.60  572.4  231.5  245.4
  1985  73  72  1.58 1257.  2625.  4648.  5435. 13123.  5.54 4.28  630.2  243.9  278.2
  1985  74  73  1.60 1276.  2622.  4555.  5713. 13401.  5.53 3.79  563.4  227.1  242.1
  1985  75  74  1.62 1294.  2619.  4464.  5955. 13644.  5.52 3.78  581.1  236.0  248.5
  1985  76  75  1.64 1312.  2617.  4375.  6204. 13892.  5.51 3.01  459.6  235.3  161.4
  1985  77  76  1.66 1331.  2604.  4287.  6365. 14053.  5.48 4.77  632.5  260.8  267.6
  1985  78  77  1.69 1351.  2583.  4201.  6633. 14321.  5.42 3.30  522.3  239.0  204.0
  1985  79  78  1.71 1369.  2569.  4117.  6837. 14525.  5.38 4.33  602.2  260.9  245.8
  1985  80  79  1.73 1389.  2536.  4035.  7082. 14771.  5.28 4.35  599.4  259.1  245.0
  1985  81  80  1.75 1408.  2512.  3954.  7327. 15016.  5.22 4.21  585.5  255.1  237.8
  1985  82  81  1.78 1428.  2467.  3875.  7565. 15254.  5.09 4.37  558.9  235.2  233.0
  1985  83  82  1.80 1446.  2417.  3798.  7798. 15487.  4.96 4.37  528.9  256.8  195.9
  1985  84  83  1.82 1466.  2363.  3722.  7994. 15683.  4.81 3.42  447.8  250.4  142.1
  1985  85  84  1.84 1485.  2236.  3647.  8136. 15825.  4.49 4.25  461.1  253.1  149.8
  1985  86  85  1.87 1505.  2146.  3574.  8286. 15975.  4.26 3.73  410.6  249.2  116.2
  1985  87  86  1.89 1524.  2066.  3503.  8402. 16091.  4.06 3.86  368.5  246.3   88.0
  1985  88  87  1.91 1544.  1988.  3433.  8490. 16179.  3.87 4.05  307.2  232.4   53.8
  1985  89  88  1.93 1563.  1908.  3364.  8544. 16233.  3.68 4.07  248.2  231.3   12.1
  1985  90  89  1.96 1582.  1818.  3297.  8556. 16245.  3.47 3.80  182.2  182.2    0.0
  1985  91  90  1.98 1601.  1730.  3231.  8556. 16245.  3.26 2.28   85.7   85.7    0.0
  1985  92  91  2.00 1619.  1638.  3166.  8556. 16245.  3.05 3.26    2.5    2.5    0.0
  1985  93  92  2.02 1639.  1554.  3103.  8556. 16245.  2.87 3.19    0.0    0.0    0.0

 SUMMARY:
 HALT  ANTH TWRT    TWLV    TWST    TWSO    TAGP HINDEX TRANSP TRC  GASST  MREST
  93  45   1006.   2750.   4938.   8556.  16245.   0.53  24.6 151. 35741. 11511.
1


 **WOFOST version 7.1.7, release September 2013
 RUNNAM -> WOFOST
 OUTPUT -> file: ../output/wofost.out
 RERUNS -> no reruns

 WEATHER-> name: Los Banos, Phillipines
           file: ../meteo/cabowe/phl1.   start year: 1985
 RAIN   -> belonging to weather station
 CROP   -> name: Maize,(Van Heemst, 1988)
           file: ../cropd/maiz.w41
 SOIL   -> name: EC1-coarse
           file: ../soild/ec1.new
 START  -> fixed emergence date IDEM =  1

     start waterbalance =   1 (1985)  sowing date = -99  emergence date =   1


 WATER LIMITED CROP PRODUCTION WITH GROUNDWATER
 ==============================================
 fixed fraction       RDMso=110.   NOTinf=0.00
 SM0=0.390 SMFC=0.110 SMW=0.040 SMLIM=0.400    RDM= 70. WAV=  0.0 SSmax= 0.0

 YEAR DAY  WLV   WST    WSO    LAI  RD    RAIN   TRA  EVAP     SM  SS ZT  wet dry

           kg/ha kg/ha  kg/ha  m2/m2  cm    mm    mm/d mm/d  vol.fr  cm  cm   days
  1985   1     7.     5.     0.  0.03  10.     0.   0.0   1.1  0.193  0.0 100.  0  0
  1985   2     9.     5.     0.  0.03  11.     0.   0.0   0.9  0.184  0.0 100.  0  0
  1985   3    11.     7.     0.  0.04  12.     0.   0.0   0.7  0.182  0.0 100.  0  0
  1985   4    13.     8.     0.  0.04  14.     1.   0.1   1.2  0.188  0.0 101.  0  0
  1985   5    16.    10.     0.  0.05  15.     1.   0.1   0.5  0.184  0.0 101.  0  0
  1985   6    18.    11.     0.  0.06  16.     1.   0.1   0.8  0.189  0.0 101.  0  0
  1985   7    21.    13.     0.  0.07  17.     4.   0.1   2.9  0.206  0.0 102.  0  0
  1985   8    26.    16.     0.  0.09  18.     4.   0.1   0.6  0.189  0.0 102.  0  0
  1985   9    34.    21.     0.  0.11  20.     4.   0.1   0.5  0.190  0.0 102.  0  0
  1985  10    42.    26.     0.  0.14  21.     4.   0.2   0.5  0.191  0.0 103.  0  0
  1985  11    54.    33.     0.  0.18  22.     4.   0.2   0.4  0.190  0.0 103.  0  0
  1985  12    68.    42.     0.  0.22  23.     4.   0.3   0.4  0.191  0.0 103.  0  0
  1985  13    85.    52.     0.  0.27  24.     4.   0.4   0.4  0.190  0.0 104.  0  0
  1985  14   107.    65.     0.  0.34  26.     4.   0.4   0.3  0.190  0.0 104.  0  0
  1985  15   126.    77.     0.  0.40  27.     4.   0.4   0.4  0.191  0.0 104.  0  0
  1985  16   146.    90.     0.  0.46  28.     5.   0.4   0.9  0.193  0.0 105.  0  0
  1985  17   167.   102.     0.  0.52  29.     5.   0.3   0.1  0.189  0.0 105.  0  0
  1985  18   181.   111.     0.  0.56  30.     5.   0.6   0.3  0.192  0.0 105.  0  0
  1985  19   214.   131.     0.  0.65  32.     5.   0.6   0.2  0.191  0.0 106.  0  0
  1985  20   238.   146.     0.  0.72  33.     5.   0.9   0.3  0.191  0.0 106.  0  0
  1985  21   283.   173.     0.  0.84  34.     5.   1.0   0.2  0.190  0.0 107.  0  0
  1985  22   333.   204.     0.  0.98  35.     5.   0.9   0.2  0.190  0.0 107.  0  0
  1985  23   387.   237.     0.  1.12  36.     5.   0.9   0.2  0.191  0.0 108.  0  0
  1985  24   431.   264.     0.  1.23  38.     5.   1.5   0.2  0.190  0.0 108.  0  0
  1985  25   514.   317.     0.  1.45  39.     5.   1.7   0.2  0.189  0.0 109.  0  0
  1985  26   604.   378.     0.  1.68  40.     6.   1.5   1.1  0.191  0.0 110.  0  0
  1985  27   684.   437.     0.  1.87  41.    10.   1.5   1.2  0.197  0.0 110.  0  0
  1985  28   762.   500.     0.  2.06  42.    10.   1.8   0.3  0.191  0.0 110.  0  0
  1985  29   843.   568.     0.  2.26  44.    10.   2.0   0.1  0.189  0.0 111.  0  0
  1985  30   932.   651.     0.  2.47  45.    10.   2.1   0.1  0.189  0.0 112.  0  0
  1985  31  1020.   739.     0.  2.67  46.    12.   2.2   1.0  0.193  0.0 113.  0  0
  1985  32  1112.   838.     0.  2.88  47.    13.   2.1   0.8  0.188  0.0 113.  0  0
  1985  33  1196.   935.     0.  3.07  48.    13.   2.6   0.1  0.187  0.0 114.  0  0
  1985  34  1301.  1067.     0.  3.29  50.    16.   2.9   0.9  0.195  0.0 116.  0  0
  1985  35  1411.  1215.     0.  3.53  51.    16.   3.0   0.1  0.187  0.0 116.  0  0
  1985  36  1520.  1375.     0.  3.76  52.    17.   3.0   0.7  0.189  0.0 117.  0  0
  1985  37  1619.  1533.     0.  3.96  53.    17.   3.2   0.1  0.187  0.0 119.  0  0
  1985  38  1724.  1715.     0.  4.16  54.    17.   3.7   0.1  0.187  0.0 120.  0  0
  1985  39  1830.  1917.     0.  4.37  56.    17.   2.5   0.0  0.187  0.0 122.  0  0
  1985  40  1898.  2059.     0.  4.50  57.    17.   3.6   0.0  0.189  0.0 124.  0  0
  1985  41  1992.  2273.     0.  4.67  58.    17.   3.8   0.0  0.187  0.0 125.  0  0
  1985  42  2082.  2499.     0.  4.84  59.    17.   4.0   0.0  0.187  0.0 127.  0  0
  1985  43  2167.  2721.    12.  4.98  60.    17.   3.6   0.0  0.186  0.0 129.  0  0
  1985  44  2242.  2923.    39.  5.11  62.    17.   3.9   0.0  0.186  0.0 131.  0  0
  1985  45  2315.  3125.    86.  5.23  63.    17.   3.7   0.0  0.184  0.0 132.  0  0
  1985  46  2379.  3309.   146.  5.34  64.    17.   3.7   0.0  0.183  0.0 133.  0  0
  1985  47  2437.  3477.   209.  5.43  65.    17.   3.9   0.0  0.181  0.0 135.  0  0
  1985  48  2494.  3656.   295.  5.52  66.    17.   3.9   0.0  0.180  0.0 136.  0  0
  1985  49  2544.  3823.   395.  5.60  68.    17.   3.7   0.0  0.178  0.0 138.  0  0
  1985  50  2584.  3968.   500.  5.65  69.    17.   3.5   0.0  0.177  0.0 139.  0  0
  1985  51  2618.  4105.   620.  5.70  70.    17.   3.0   0.0  0.176  0.0 140.  0  0
  1985  52  2639.  4204.   722.  5.72  70.    17.   4.1   0.0  0.176  0.0 142.  0  0
  1985  53  2666.  4342.   891.  5.75  70.    17.   4.0   0.0  0.173  0.0 143.  0  0
  1985  54  2685.  4464.  1068.  5.78  70.    17.   3.1   0.0  0.171  0.0 144.  0  0
  1985  55  2693.  4545.  1205.  5.78  70.    17.   3.3   0.0  0.170  0.0 146.  0  0
  1985  56  2696.  4613.  1340.  5.77  70.    18.   3.9   0.3  0.170  0.0 147.  0  0
  1985  57  2698.  4702.  1549.  5.77  70.    19.   2.7   0.2  0.168  0.0 148.  0  0
  1985  58  2694.  4741.  1659.  5.75  70.    19.   4.1   0.0  0.168  0.0 149.  0  0
  1985  59  2687.  4808.  1889.  5.73  70.    19.   4.0   0.0  0.165  0.0 150.  0  0
  1985  60  2681.  4859.  2124.  5.71  70.    19.   3.4   0.0  0.162  0.0 151.  0  0
  1985  61  2676.  4891.  2325.  5.69  70.    19.   4.3   0.4  0.160  0.0 152.  0  0
  1985  62  2670.  4921.  2616.  5.68  70.    19.   4.4   0.0  0.156  0.0 153.  0  0
  1985  63  2665.  4936.  2924.  5.66  70.    19.   4.3   0.0  0.152  0.0 154.  0  0
  1985  64  2660.  4938.  3236.  5.64  70.    19.   4.1   0.0  0.148  0.0 155.  0  0
  1985  65  2656.  4938.  3540.  5.63  70.    19.   4.4   0.0  0.145  0.0 155.  0  0
  1985  66  2651.  4938.  3841.  5.62  70.    19.   4.6   0.0  0.141  0.0 156.  0  0
  1985  67  2647.  4938.  4136.  5.60  70.    22.   3.2   0.3  0.142  0.0 157.  0  0
  1985  68  2643.  4938.  4348.  5.59  70.    25.   3.1   0.3  0.142  0.0 158.  0  0
  1985  69  2639.  4938.  4556.  5.58  70.    30.   3.0   0.3  0.147  0.0 159.  0  0
  1985  70  2635.  4938.  4726.  5.57  70.    35.   3.0   0.3  0.151  0.0 159.  0  0
  1985  71  2632.  4840.  4908.  5.56  70.    35.   4.0   0.3  0.149  0.0 160.  0  0
  1985  72  2628.  4743.  5189.  5.55  70.    35.   3.6   0.0  0.145  0.0 161.  0  0
  1985  73  2625.  4648.  5435.  5.54  70.    36.   4.3   0.1  0.141  0.0 161.  0  0
  1985  74  2622.  4555.  5713.  5.53  70.    36.   3.8   0.0  0.137  0.0 162.  0  0
  1985  75  2619.  4464.  5955.  5.52  70.    39.   3.8   0.4  0.139  0.0 163.  0  0
  1985  76  2617.  4375.  6204.  5.51  70.    41.   3.0   0.3  0.137  0.0 163.  0  0
  1985  77  2604.  4287.  6365.  5.48  70.    43.   4.8   0.5  0.136  0.0 164.  0  0
  1985  78  2583.  4201.  6633.  5.42  70.    43.   3.3   0.1  0.130  0.0 164.  0  0
  1985  79  2569.  4117.  6837.  5.38  70.    49.   4.3   0.5  0.135  0.0 165.  0  0
  1985  80  2536.  4035.  7082.  5.28  70.    49.   4.4   0.0  0.130  0.0 165.  0  0
  1985  81  2512.  3954.  7327.  5.22  70.    49.   4.2   0.0  0.125  0.0 166.  0  0
  1985  82  2467.  3875.  7565.  5.09  70.    49.   4.4   0.0  0.121  0.0 167.  0  0
  1985  83  2417.  3798.  7798.  4.96  70.    49.   4.4   0.0  0.116  0.0 167.  0  0
  1985  84  2363.  3722.  7994.  4.81  70.    49.   3.4   0.0  0.111  0.0 168.  0  0
  1985  85  2236.  3647.  8136.  4.49  70.    49.   4.2   0.0  0.108  0.0 168.  0  0
  1985  86  2146.  3574.  8286.  4.26  70.    49.   3.7   0.0  0.103  0.0 169.  0  0
  1985  87  2066.  3503.  8402.  4.06  70.    49.   3.9   0.0  0.099  0.0 169.  0  0
  1985  88  1988.  3433.  8490.  3.87  70.    49.   4.0   0.0  0.095  0.0 170.  0  0
  1985  89  1908.  3364.  8544.  3.68  70.    49.   4.1   0.1  0.090  0.0 170.  0  0
  1985  90  1818.  3297.  8556.  3.47  70.    49.   3.8   0.1  0.086  0.0 171.  0  0
  1985  91  1730.  3231.  8556.  3.26  70.    49.   2.3   0.2  0.082  0.0 171.  0  0
  1985  92  1638.  3166.  8556.  3.05  70.    50.   3.3   0.9  0.081  0.0 171.  0  0
  1985  93  1554.  3103.  8556.  2.87  70.    50.   3.2   0.1  0.076  0.0 172.  0  0

 SUMMARY :                                                       stress days
 HALT ANTH TWRT   TWLV   TWST   TWSO   TAGP HINDEX TRC  GASST  MREST wet dry
  93  45  1006.  2750.  4938.  8556. 16245.  0.53 151.2 35741. 11511.   0   0

      WATER BALANCE WHOLE SYSTEM (1-DIMENS. COLUMN; cm)
   init within 10 m   378.5  final within 10 m    356.2    change: -22.3
  init surf storage     0.0  final surf storage     0.0    change:   0.0
         irrigation     0.0  evap water surface     0.0
           rainfall     5.0  evap soil surface      2.8
                             transpiration         24.6  to atmos:  27.3
                             surface runoff         0.0
                             lost through drains    0.0
  TOTAL INIT + IN     383.5  TOTAL FINAL + OUT    383.5  checksum:  -0.0

               WATER BALANCE ROOT ZONE
 initial water stock    1.9  final water stock      5.3
        infiltration    5.0  evap soil surface      2.8
 added by root growth  11.6      transpiration     24.6
      capillary rise   14.1  percolation            0.0
 TOTAL INIT + IN       32.6  FINAL + OUT           32.6  checksum:  -0.0
